  Generating the build script.
  Reading the asset graph.
  Checking for updates.
  Updating the asset graph.
  Building, incremental build.
  0s riverpod_generator on 4 inputs; lib/database/database.dart
  0s riverpod_generator on 4 inputs: 1 skipped; lib/database/tables.dart
  0s riverpod_generator on 4 inputs: 4 skipped
  0s drift_dev on 16 inputs; lib/database/database.dart
  0s drift_dev on 16 inputs: 16 skipped
  0s source_gen:combining_builder on 8 inputs; lib/database/database.dart
  0s source_gen:combining_builder on 8 inputs: 8 skipped
  Running the post build.
  Writing the asset graph.
E riverpod_generator on lib/main.dart:
  31:22: This requires the 'dot-shorthands' language feature to be enabled.
  105:30: This requires the 'dot-shorthands' language feature to be enabled.
  Failed to build with build_runner in 3s; wrote 0 outputs.
